{"authorDailyContributionsMap":{"zacharytang":[],"CindyTsai1":[{"date":"2017-10-19T00:00:00","commitResults":[{"hash":"f45960b264a6c550d98137cebe7cea9bb78fdfcd","isMergeCommit":false,"messageTitle":"Birthday feature: update person related files","messageBody":"","fileTypesAndContributionMap":{"fxml":{"insertions":1,"deletions":0}},"time":"2017-10-19T16:08:10"}]},{"date":"2017-10-20T00:00:00","commitResults":[{"hash":"c59fbdda8c83366a5f4d97c8ed947adbdabdef76","isMergeCommit":true,"messageTitle":"Merge branch 'master' into Birthday-feature","messageBody":"# Merged Conflicts:\n#\tdocs/UserGuide.adoc\n#\tsrc/main/java/seedu/address/logic/commands/AddCommand.java\n#\tsrc/main/java/seedu/address/logic/commands/EditCommand.java\n#\tsrc/main/java/seedu/address/logic/parser/AddCommandParser.java\n#\tsrc/main/java/seedu/address/logic/parser/CliSyntax.java\n#\tsrc/main/java/seedu/address/logic/parser/EditCommandParser.java\n#\tsrc/main/java/seedu/address/logic/parser/ParserUtil.java\n#\tsrc/main/java/seedu/address/model/person/Person.java\n#\tsrc/main/java/seedu/address/model/person/ReadOnlyPerson.java\n#\tsrc/main/java/seedu/address/model/util/SampleDataUtil.java\n#\tsrc/main/java/seedu/address/storage/XmlAdaptedPerson.java\n#\tsrc/main/java/seedu/address/ui/PersonCard.java\n#\tsrc/main/resources/view/PersonListCard.fxml\n#\tsrc/test/data/XmlUtilTest/validAddressBook.xml\n#\tsrc/test/java/guitests/guihandles/PersonCardHandle.java\n#\tsrc/test/java/seedu/address/logic/commands/CommandTestUtil.java\n#\tsrc/test/java/seedu/address/logic/commands/EditCommandTest.java\n#\tsrc/test/java/seedu/address/logic/parser/AddCommandParserTest.java\n#\tsrc/test/java/seedu/address/logic/parser/EditCommandParserTest.java\n#\tsrc/test/java/seedu/address/testutil/PersonBuilder.java\n#\tsrc/test/java/seedu/address/testutil/PersonUtil.java\n#\tsrc/test/java/seedu/address/testutil/TypicalPersons.java\n#\tsrc/test/java/seedu/address/ui/testutil/GuiTestAssert.java\n#\tsrc/test/java/systemtests/AddCommandSystemTest.java\n#\tsrc/test/java/systemtests/EditCommandSystemTest.java\n","fileTypesAndContributionMap":{},"time":"2017-10-20T09:11:44"},{"hash":"94e2fdd40ff66cb98135bb50ad9e1a648804d204","isMergeCommit":true,"messageTitle":"Merge branch 'master' into Birthday-feature","messageBody":"","fileTypesAndContributionMap":{},"time":"2017-10-20T09:15:11"},{"hash":"f783355fd3fdaf11dd6bed1da2d2ce32c061de88","isMergeCommit":true,"messageTitle":"Merge branch 'master' of https://github.com/CS2103AUG2017-W09-B1/main into Birthday-feature","messageBody":"","fileTypesAndContributionMap":{},"time":"2017-10-20T09:23:32"}]},{"date":"2017-10-31T00:00:00","commitResults":[{"hash":"52e43c8c624f44c043bf203176d43b3943797a3e","isMergeCommit":true,"messageTitle":"Merge branch 'master' of https://github.com/CS2103AUG2017-W09-B1/main into Find-filter-function","messageBody":"# Conflicts:\n#\tdocs/UserGuide.adoc\n","fileTypesAndContributionMap":{},"time":"2017-10-31T15:46:42"},{"hash":"2385bbb58158ca17da979501bf93b75bb8b6ac43","isMergeCommit":true,"messageTitle":"Merge pull request #94 from nbriannl/Collate","messageBody":"Collate code for v1.4","fileTypesAndContributionMap":{},"time":"2017-10-31T16:26:52"}]}],"nbrduplicate":[],"April0616":[{"date":"2017-10-09T00:00:00","commitResults":[{"hash":"38c72663ef5e8cca0485d44f7462605c162dea00","isMergeCommit":false,"messageTitle":"Add a remark Label inside PersonListCard.fxml","messageBody":"","fileTypesAndContributionMap":{"fxml":{"insertions":1,"deletions":0}},"time":"2017-10-09T21:39:22"}]},{"date":"2017-10-10T00:00:00","commitResults":[{"hash":"5e4f3cf5d807b1b7cdab476f5b4fee2dc60c78c0","isMergeCommit":true,"messageTitle":"Merge branch 'master' into remark_command","messageBody":"","fileTypesAndContributionMap":{},"time":"2017-10-10T20:22:20"},{"hash":"ad389aed7d3fdf131be025c41d6ebcd58e4de4f9","isMergeCommit":true,"messageTitle":"pull with remote","messageBody":"","fileTypesAndContributionMap":{},"time":"2017-10-10T21:17:49"},{"hash":"79626a56a2f5aa606cc65208282258028b046fe2","isMergeCommit":true,"messageTitle":"Merge branch 'master' into remark_command","messageBody":"","fileTypesAndContributionMap":{},"time":"2017-10-10T21:18:57"}]},{"date":"2017-10-12T00:00:00","commitResults":[{"hash":"6238f273dad716d0d2983bd4c3d7d8abfd5e0b43","isMergeCommit":true,"messageTitle":"Merge branch 'master' into remark_command","messageBody":"","fileTypesAndContributionMap":{},"time":"2017-10-12T10:33:46"}]},{"date":"2017-10-16T00:00:00","commitResults":[{"hash":"a460e24bc1b94d009cb572dc920f35cd73c4ee11","isMergeCommit":false,"messageTitle":"UI: update PersonListCard.fxml","messageBody":"","fileTypesAndContributionMap":{"fxml":{"insertions":2,"deletions":0}},"time":"2017-10-16T23:00:51"},{"hash":"b4b51938c691351888e0b31646633eed30bebe14","isMergeCommit":false,"messageTitle":"UI: update PersonCard.java","messageBody":"","fileTypesAndContributionMap":{"fxml":{"insertions":1,"deletions":1}},"time":"2017-10-16T23:05:14"}]},{"date":"2017-10-18T00:00:00","commitResults":[{"hash":"d43032090aedb7f5d2d392003f454434cb2ccdc0","isMergeCommit":true,"messageTitle":"merge master into branch","messageBody":"","fileTypesAndContributionMap":{},"time":"2017-10-18T09:40:44"}]},{"date":"2017-10-19T00:00:00","commitResults":[{"hash":"fa361906928eccde52695adeea0cbea1e15f8aa5","isMergeCommit":true,"messageTitle":"Merge pull request #68 from April0616/add_gender&matric_no_attribute","messageBody":"New Attributes: Gender & Matric No","fileTypesAndContributionMap":{},"time":"2017-10-19T11:36:16"}]},{"date":"2017-10-21T00:00:00","commitResults":[{"hash":"3ea15480f7d8e245be959040f8a7bea87580681b","isMergeCommit":true,"messageTitle":"Merge branch 'master' into yuting_dev","messageBody":"","fileTypesAndContributionMap":{},"time":"2017-10-21T01:20:42"}]},{"date":"2017-10-31T00:00:00","commitResults":[{"hash":"92c52cb47919fa380702819b1beab5a61487802e","isMergeCommit":false,"messageTitle":"update ui","messageBody":"","fileTypesAndContributionMap":{"fxml":{"insertions":1,"deletions":0}},"time":"2017-10-31T15:23:10"},{"hash":"a6ba90eee98d7a5300e29d156180c1e30d99dd9a","isMergeCommit":true,"messageTitle":"merge master into the branch","messageBody":"","fileTypesAndContributionMap":{},"time":"2017-10-31T17:56:26"},{"hash":"502d5209fb64385e737f9c6e3bcb3977a280b1ae","isMergeCommit":false,"messageTitle":"display contactPhotos","messageBody":"","fileTypesAndContributionMap":{"fxml":{"insertions":11,"deletions":3}},"time":"2017-10-31T21:45:19"},{"hash":"0f1ba4828985c9eb36b86cb560b04d6099936f2c","isMergeCommit":true,"messageTitle":"merge master into branch","messageBody":"","fileTypesAndContributionMap":{},"time":"2017-10-31T21:48:35"},{"hash":"9df7233b80e05dd29b0af9a8635a83797714bce0","isMergeCommit":false,"messageTitle":"adjust UI settings","messageBody":"","fileTypesAndContributionMap":{"fxml":{"insertions":6,"deletions":4}},"time":"2017-10-31T23:45:19"},{"hash":"2482cd1cd5458b0512c13d24d0ce30d188665b30","isMergeCommit":true,"messageTitle":"Merge branch 'master' into photoCommand","messageBody":"","fileTypesAndContributionMap":{},"time":"2017-10-31T23:49:04"},{"hash":"885ac2aaf0ed1af3fba7566ca7d5aecb9f289f9c","isMergeCommit":true,"messageTitle":"Merge branch 'master' into photoCommand","messageBody":"","fileTypesAndContributionMap":{},"time":"2017-10-31T23:49:44"},{"hash":"ffb2e684c32ef269b94bde2bb207d7c556f136a0","isMergeCommit":true,"messageTitle":"Merge pull request #96 from April0616/photoCommand","messageBody":"PhotoCommand","fileTypesAndContributionMap":{},"time":"2017-10-31T23:49:57"}]}],"nbr":[{"date":"2017-10-08T00:00:00","commitResults":[{"hash":"d2aaf46a6b82c3295d10595b665e5ef02456fa60","isMergeCommit":true,"messageTitle":"Merge branch 'master' into secondary_command_names","messageBody":"","fileTypesAndContributionMap":{},"time":"2017-10-08T14:25:59"},{"hash":"63e6a7f7667168eca05a2f6b5eaee0d20ec0396c","isMergeCommit":true,"messageTitle":"Merge branch 'master' into deleteTagRedo","messageBody":"","fileTypesAndContributionMap":{},"time":"2017-10-08T14:26:54"}]},{"date":"2017-10-09T00:00:00","commitResults":[{"hash":"5fcf6eaad287adcbb9d669acaa9e8ecbdef41c33","isMergeCommit":true,"messageTitle":"Merge remote-tracking branch 'origin/deleteTagRedo' into deleteTagRedo","messageBody":"","fileTypesAndContributionMap":{},"time":"2017-10-09T14:56:35"}]},{"date":"2017-10-12T00:00:00","commitResults":[{"hash":"27c0a0bbef1043207eae386b682efb924afe2f14","isMergeCommit":true,"messageTitle":"Merge pull request #50 from April0616/remark_command","messageBody":"Remark command","fileTypesAndContributionMap":{},"time":"2017-10-12T19:18:46"}]},{"date":"2017-10-16T00:00:00","commitResults":[{"hash":"1d97272b2c0bab98d8320addc12bf7b3e57a872c","isMergeCommit":true,"messageTitle":"Merge pull request #54 from zacharytang/store_timetables","messageBody":"Timetables: Store timetables ","fileTypesAndContributionMap":{},"time":"2017-10-16T20:44:39"},{"hash":"507fb599e33f63e550395be0bd8abbf261b7b4d4","isMergeCommit":true,"messageTitle":"Merge branch 'master' into editTagProper","messageBody":"# Conflicts:\n#\tsrc/main/java/seedu/address/logic/parser/CliSyntax.java\n#\tsrc/main/java/seedu/address/logic/parser/EditCommandParser.java\n#\tsrc/main/java/seedu/address/logic/parser/ParserUtil.java\n#\tsrc/main/java/seedu/address/model/person/Person.java\n","fileTypesAndContributionMap":{},"time":"2017-10-16T21:20:38"}]},{"date":"2017-10-19T00:00:00","commitResults":[{"hash":"82cfc928bc04d6be3bcb5b6014aaaa4413b346dd","isMergeCommit":true,"messageTitle":"Merge branch 'master' into googleMaps","messageBody":"","fileTypesAndContributionMap":{},"time":"2017-10-19T19:25:48"},{"hash":"c18195ad2eae83ca7acef22f3921adba6a2813f0","isMergeCommit":true,"messageTitle":"Merge branch 'master' into whiteScreenBug","messageBody":"","fileTypesAndContributionMap":{},"time":"2017-10-19T21:40:05"}]},{"date":"2017-10-20T00:00:00","commitResults":[{"hash":"6e8f76ba8754423c55f01e9a1efae0cbc8b83e3a","isMergeCommit":true,"messageTitle":"Merge branch 'master' into Birthday-feature","messageBody":"","fileTypesAndContributionMap":{},"time":"2017-10-20T19:24:49"}]},{"date":"2017-10-22T00:00:00","commitResults":[{"hash":"def55a84cbddbf134b14c84506ed583d2f9077f9","isMergeCommit":true,"messageTitle":"Merge branch 'master' into googleMaps","messageBody":"","fileTypesAndContributionMap":{},"time":"2017-10-22T15:55:14"}]},{"date":"2017-10-23T00:00:00","commitResults":[{"hash":"1ee025362aeacbeef4026029b3649d23ab6d33ca","isMergeCommit":true,"messageTitle":"Merge branch 'master' into googleMaps","messageBody":"","fileTypesAndContributionMap":{},"time":"2017-10-23T10:23:41"}]},{"date":"2017-10-25T00:00:00","commitResults":[{"hash":"b754143e692139874fd30d9b8abab5c82ff0839f","isMergeCommit":true,"messageTitle":"Merge branch 'master' into v1.3docupdates","messageBody":"","fileTypesAndContributionMap":{},"time":"2017-10-25T14:13:52"}]},{"date":"2017-10-29T00:00:00","commitResults":[{"hash":"e933821b0afb269faf27dd45845976656b622493","isMergeCommit":false,"messageTitle":"\"UI: Add TagListPanel\"","messageBody":"","fileTypesAndContributionMap":{"fxml":{"insertions":40,"deletions":11}},"time":"2017-10-29T00:32:47"},{"hash":"f5c11947217f64965da86531f9dd67dd3e62f29d","isMergeCommit":false,"messageTitle":"\"Modified panel dimensions\"","messageBody":"","fileTypesAndContributionMap":{"fxml":{"insertions":2,"deletions":2}},"time":"2017-10-29T16:45:14"}]},{"date":"2017-10-30T00:00:00","commitResults":[{"hash":"93191db48eb5aa2f97d765cdf736c68c85fc0ae4","isMergeCommit":false,"messageTitle":"\"Added comments to indicate which values to change to modify UI\"","messageBody":"","fileTypesAndContributionMap":{"fxml":{"insertions":4,"deletions":3}},"time":"2017-10-30T10:41:09"},{"hash":"99cfbdd4dbadb272292b79c15dc6877b4776d485","isMergeCommit":true,"messageTitle":"Merge branch 'master' into UIUpdate","messageBody":"","fileTypesAndContributionMap":{},"time":"2017-10-30T10:50:15"},{"hash":"f3a261ede325904547f8f200ef4a4dc163caa0f9","isMergeCommit":true,"messageTitle":"Merge branch 'master' into UIUpdate","messageBody":"","fileTypesAndContributionMap":{},"time":"2017-10-30T11:57:32"},{"hash":"084b250917f010833160280862d47846470ceeab","isMergeCommit":true,"messageTitle":"Merge branch 'master' into UIUpdate","messageBody":"","fileTypesAndContributionMap":{},"time":"2017-10-30T11:59:27"},{"hash":"b66b9834fbc955034931b5f65f48eac54da2921e","isMergeCommit":true,"messageTitle":"Merge branch 'master' into UIUpdate","messageBody":"","fileTypesAndContributionMap":{},"time":"2017-10-30T12:13:56"},{"hash":"e16508d5e43ba61e6b933224b9d8cd0f409985a5","isMergeCommit":true,"messageTitle":"Merge pull request #88 from nbriannl/UIUpdate","messageBody":"UI Improvements","fileTypesAndContributionMap":{},"time":"2017-10-30T13:50:21"}]},{"date":"2017-10-31T00:00:00","commitResults":[{"hash":"72b8108c4f1d4b93a1ff9e6cb4a11686fc18a7ef","isMergeCommit":false,"messageTitle":"Collate code for v1.4","messageBody":"","fileTypesAndContributionMap":{"fxml":{"insertions":3,"deletions":0}},"time":"2017-10-31T14:02:00"},{"hash":"053319c3d8cd5d26424b6ac69d51f3c03e262215","isMergeCommit":false,"messageTitle":"Collate code for v1.4","messageBody":"","fileTypesAndContributionMap":{"fxml":{"insertions":3,"deletions":0}},"time":"2017-10-31T15:12:22"}]}]},"authorFileTypeContributionMap":{"zacharytang":{"fxml":0},"CindyTsai1":{"fxml":1},"nbrduplicate":{"fxml":0},"April0616":{"fxml":19},"nbr":{"fxml":15}},"authorContributionVariance":{"zacharytang":0.0,"CindyTsai1":0.031217482,"nbrduplicate":0.0,"April0616":19.773153,"nbr":95.510925},"authorDisplayNameMap":{"zacharytang":"Yagami Rukei Polland","CindyTsai1":"Ravind s/o Ramesh","nbrduplicate":"nbrduplicate","April0616":"2805Tagoe","nbr":"Ashwin Mukadaan Singhania, Rathod"}}